// Jest Snapshot v1, https://goo.gl/fbAQLP

exports[`formatTestNameByPattern formats when testname="the test name", pattern="name", and width="5" 1`] = `"</>...me</>"`;

exports[`formatTestNameByPattern formats when testname="the test name", pattern="name", and width="10" 1`] = `"<dim>...st </intensity></>name</>"`;

exports[`formatTestNameByPattern formats when testname="the test name", pattern="name", and width="15" 1`] = `"<dim>the test </intensity></>name</>"`;

exports[`formatTestNameByPattern formats when testname="the test name", pattern="name", and width="20" 1`] = `"<dim>the test </intensity></>name</>"`;

exports[`formatTestNameByPattern formats when testname="the test name", pattern="name", and width="25" 1`] = `"<dim>the test </intensity></>name</>"`;

exports[`formatTestNameByPattern formats when testname="the test name", pattern="name", and width="30" 1`] = `"<dim>the test </intensity></>name</>"`;

exports[`formatTestNameByPattern formats when testname="the test name", pattern="test", and width="5" 1`] = `"</>...</><dim>me</intensity>"`;

exports[`formatTestNameByPattern formats when testname="the test name", pattern="test", and width="10" 1`] = `"</>...st</><dim> name</intensity>"`;

exports[`formatTestNameByPattern formats when testname="the test name", pattern="test", and width="15" 1`] = `"<dim>the </intensity></>test</><dim> name</intensity>"`;

exports[`formatTestNameByPattern formats when testname="the test name", pattern="test", and width="20" 1`] = `"<dim>the </intensity></>test</><dim> name</intensity>"`;

exports[`formatTestNameByPattern formats when testname="the test name", pattern="test", and width="25" 1`] = `"<dim>the </intensity></>test</><dim> name</intensity>"`;

exports[`formatTestNameByPattern formats when testname="the test name", pattern="test", and width="30" 1`] = `"<dim>the </intensity></>test</><dim> name</intensity>"`;

exports[`formatTestNameByPattern formats when testname="the test name", pattern="the", and width="5" 1`] = `"</>...</><dim>me</intensity>"`;

exports[`formatTestNameByPattern formats when testname="the test name", pattern="the", and width="10" 1`] = `"</>...</><dim>st name</intensity>"`;

exports[`formatTestNameByPattern formats when testname="the test name", pattern="the", and width="15" 1`] = `"</>the</><dim> test name</intensity>"`;

exports[`formatTestNameByPattern formats when testname="the test name", pattern="the", and width="20" 1`] = `"</>the</><dim> test name</intensity>"`;

exports[`formatTestNameByPattern formats when testname="the test name", pattern="the", and width="25" 1`] = `"</>the</><dim> test name</intensity>"`;

exports[`formatTestNameByPattern formats when testname="the test name", pattern="the", and width="30" 1`] = `"</>the</><dim> test name</intensity>"`;

exports[`trimAndFormatPath formats when testpath="/project/src/exactly/sep_and_basename.js", pad="6", and columns="29" 1`] = `"<dim>.../</intensity><bold>sep_and_basename.js</intensity>"`;

exports[`trimAndFormatPath formats when testpath="/project/src/gonna/fit/all.js", pad="6", and columns="80" 1`] = `"<dim>src/gonna/fit/</intensity><bold>all.js</intensity>"`;

exports[`trimAndFormatPath formats when testpath="/project/src/long_name_gonna_need_trimming.js", pad="6", and columns="40" 1`] = `"<bold>...ong_name_gonna_need_trimming.js</intensity>"`;

exports[`trimAndFormatPath formats when testpath="/project/src/trimmed_dir/foo.js", pad="6", and columns="20" 1`] = `"<dim>..._dir/</intensity><bold>foo.js</intensity>"`;
